­ƒÅü Starting Email Notification Test...
[32m[Nest] 28192  - [39m06/01/2026 17:31:33 [32m    LOG[39m [38;5;3m[NestFactory] [39m[32mStarting Nest application...[39m
[32m[Nest] 28192  - [39m06/01/2026 17:31:33 [32m    LOG[39m [38;5;3m[FineTuningService] [39m[32m­ƒÜÇ Fine-Tuning Service initialis├®[39m
[32m[Nest] 28192  - [39m06/01/2026 17:31:33 [32m    LOG[39m [38;5;3m[FineTuningService] [39m[32m­ƒôè Configuration: gpt-3.5-turbo (fine-tuned)[39m
[2026-01-06 17:31:33] DEBUG Creating transport: nodemailer (7.0.9; +https://nodemailer.com/; SMTP/7.0.9[client:7.0.9])
[32m[Nest] 28192  - [39m06/01/2026 17:31:33 [32m    LOG[39m [38;5;3m[EmailService] [39m[32mService Email configur├® avec:[39m
[32m[Nest] 28192  - [39m06/01/2026 17:31:33 [32m    LOG[39m [38;5;3m[EmailService] [39mObject(4) {
  host: [32m'smtp.gmail.com'[39m,
  port: [32m'587'[39m,
  user: [32m'xaali.net0@gmail.com'[39m,
  passLength: [33m19[39m
}
[2026-01-06 17:31:33] DEBUG Creating transport: nodemailer (7.0.9; +https://nodemailer.com/; SMTP/7.0.9[client:7.0.9])
[32m[Nest] 28192  - [39m06/01/2026 17:31:33 [32m    LOG[39m [38;5;3m[EmailService] [39m[32mService Email configur├® avec:[39m
[32m[Nest] 28192  - [39m06/01/2026 17:31:33 [32m    LOG[39m [38;5;3m[EmailService] [39mObject(4) {
  host: [32m'smtp.gmail.com'[39m,
  port: [32m'587'[39m,
  user: [32m'xaali.net0@gmail.com'[39m,
  passLength: [33m19[39m
}
[2026-01-06 17:31:33] DEBUG Creating transport: nodemailer (7.0.9; +https://nodemailer.com/; SMTP/7.0.9[client:7.0.9])
[32m[Nest] 28192  - [39m06/01/2026 17:31:33 [32m    LOG[39m [38;5;3m[EmailService] [39m[32mService Email configur├® avec:[39m
[32m[Nest] 28192  - [39m06/01/2026 17:31:33 [32m    LOG[39m [38;5;3m[EmailService] [39mObject(4) {
  host: [32m'smtp.gmail.com'[39m,
  port: [32m'587'[39m,
  user: [32m'xaali.net0@gmail.com'[39m,
  passLength: [33m19[39m
}
[2026-01-06 17:31:33] DEBUG Creating transport: nodemailer (7.0.9; +https://nodemailer.com/; SMTP/7.0.9[client:7.0.9])
[32m[Nest] 28192  - [39m06/01/2026 17:31:33 [32m    LOG[39m [38;5;3m[EmailService] [39m[32mService Email configur├® avec:[39m
[32m[Nest] 28192  - [39m06/01/2026 17:31:33 [32m    LOG[39m [38;5;3m[EmailService] [39mObject(4) {
  host: [32m'smtp.gmail.com'[39m,
  port: [32m'587'[39m,
  user: [32m'xaali.net0@gmail.com'[39m,
  passLength: [33m19[39m
}
[2026-01-06 17:31:33] DEBUG Creating transport: nodemailer (7.0.9; +https://nodemailer.com/; SMTP/7.0.9[client:7.0.9])
[32m[Nest] 28192  - [39m06/01/2026 17:31:33 [32m    LOG[39m [38;5;3m[EmailService] [39m[32mService Email configur├® avec:[39m
[32m[Nest] 28192  - [39m06/01/2026 17:31:33 [32m    LOG[39m [38;5;3m[EmailService] [39mObject(4) {
  host: [32m'smtp.gmail.com'[39m,
  port: [32m'587'[39m,
  user: [32m'xaali.net0@gmail.com'[39m,
  passLength: [33m19[39m
}
[32m[Nest] 28192  - [39m06/01/2026 17:31:33 [32m    LOG[39m [38;5;3m[BictorysService] [39m[32mConfiguration Bictorys (production):[39m
[32m[Nest] 28192  - [39m06/01/2026 17:31:33 [32m    LOG[39m [38;5;3m[BictorysService] [39m[32m  - API URL: https://api.bictorys.com/pay/v1[39m
[32m[Nest] 28192  - [39m06/01/2026 17:31:33 [32m    LOG[39m [38;5;3m[BictorysService] [39m[32m  - Merchant ID: undefined[39m
[32m[Nest] 28192  - [39m06/01/2026 17:31:33 [32m    LOG[39m [38;5;3m[PayTechService] [39m[32m[PayTech] FORCED production URLs for PayTech HTTPS requirement[39m
[32m[Nest] 28192  - [39m06/01/2026 17:31:33 [32m    LOG[39m [38;5;3m[PayTechService] [39m[32mConfiguration PayTech:[39m
[32m[Nest] 28192  - [39m06/01/2026 17:31:33 [32m    LOG[39m [38;5;3m[PayTechService] [39m[32m  - XP API Key: 0a7be2ae03...[39m
[32m[Nest] 28192  - [39m06/01/2026 17:31:33 [32m    LOG[39m [38;5;3m[PayTechService] [39m[32m  - Callback URL: https://xaali-api.onrender.com/paytech/callback[39m
[32m[Nest] 28192  - [39m06/01/2026 17:31:33 [32m    LOG[39m [38;5;3m[PayTechService] [39m[32m  - Success URL: https://xaali.net/#/payment/success[39m
[32m[Nest] 28192  - [39m06/01/2026 17:31:33 [32m    LOG[39m [38;5;3m[PayTechService] [39m[32m  - Cancel URL: https://xaali.net/#/payment/cancel[39m
[32m[Nest] 28192  - [39m06/01/2026 17:31:33 [32m    LOG[39m [38;5;3m[PayTechService] [39m[32m  - Backend URL: https://xaali-api.onrender.com[39m
[32m[Nest] 28192  - [39m06/01/2026 17:31:33 [32m    LOG[39m [38;5;3m[PayTechService] [39m[32m  - Frontend URL: https://xaali.net[39m
[32m[Nest] 28192  - [39m06/01/2026 17:31:33 [32m    LOG[39m [38;5;3m[PayTechService] [39m[32mÔ£à URLs PayTech configur├®es pour https://xaali.net[39m
[2026-01-06 17:31:33] DEBUG Creating transport: nodemailer (7.0.9; +https://nodemailer.com/; SMTP/7.0.9[client:7.0.9])
[32m[Nest] 28192  - [39m06/01/2026 17:31:33 [32m    LOG[39m [38;5;3m[EmailService] [39m[32mService Email configur├® avec:[39m
[32m[Nest] 28192  - [39m06/01/2026 17:31:33 [32m    LOG[39m [38;5;3m[EmailService] [39mObject(4) {
  host: [32m'smtp.gmail.com'[39m,
  port: [32m'587'[39m,
  user: [32m'xaali.net0@gmail.com'[39m,
  passLength: [33m19[39m
}
[2026-01-06 17:31:33] DEBUG Creating transport: nodemailer (7.0.9; +https://nodemailer.com/; SMTP/7.0.9[client:7.0.9])
[32m[Nest] 28192  - [39m06/01/2026 17:31:33 [32m    LOG[39m [38;5;3m[EmailService] [39m[32mService Email configur├® avec:[39m
[32m[Nest] 28192  - [39m06/01/2026 17:31:33 [32m    LOG[39m [38;5;3m[EmailService] [39mObject(4) {
  host: [32m'smtp.gmail.com'[39m,
  port: [32m'587'[39m,
  user: [32m'xaali.net0@gmail.com'[39m,
  passLength: [33m19[39m
}
[2026-01-06 17:31:33] DEBUG Creating transport: nodemailer (7.0.9; +https://nodemailer.com/; SMTP/7.0.9[client:7.0.9])
[32m[Nest] 28192  - [39m06/01/2026 17:31:33 [32m    LOG[39m [38;5;3m[EmailService] [39m[32mService Email configur├® avec:[39m
[32m[Nest] 28192  - [39m06/01/2026 17:31:33 [32m    LOG[39m [38;5;3m[EmailService] [39mObject(4) {
  host: [32m'smtp.gmail.com'[39m,
  port: [32m'587'[39m,
  user: [32m'xaali.net0@gmail.com'[39m,
  passLength: [33m19[39m
}
[32m[Nest] 28192  - [39m06/01/2026 17:31:33 [32m    LOG[39m [38;5;3m[AIResponseService] [39m[32m­ƒöº Configuration AIResponseService:[39m
[32m[Nest] 28192  - [39m06/01/2026 17:31:33 [32m    LOG[39m [38;5;3m[AIResponseService] [39m[32m  - Mod├¿le OpenAI: gpt-3.5-turbo[39m
[32m[Nest] 28192  - [39m06/01/2026 17:31:33 [32m    LOG[39m [38;5;3m[AIResponseService] [39m[32m  - Mod├¿le Embedding: text-embedding-ada-002[39m
[32m[Nest] 28192  - [39m06/01/2026 17:31:33 [32m    LOG[39m [38;5;3m[AIResponseService] [39m[32m  - Cl├® API OpenAI: Ô£à Configur├®e[39m
[32m[Nest] 28192  - [39m06/01/2026 17:31:33 [32m    LOG[39m [38;5;3m[FineTuningService] [39m[32m­ƒÜÇ Fine-Tuning Service initialis├®[39m
[32m[Nest] 28192  - [39m06/01/2026 17:31:33 [32m    LOG[39m [38;5;3m[FineTuningService] [39m[32m­ƒôè Configuration: gpt-3.5-turbo (fine-tuned)[39m
[2026-01-06 17:31:33] DEBUG Creating transport: nodemailer (7.0.9; +https://nodemailer.com/; SMTP/7.0.9[client:7.0.9])
[32m[Nest] 28192  - [39m06/01/2026 17:31:33 [32m    LOG[39m [38;5;3m[EmailService] [39m[32mService Email configur├® avec:[39m
[32m[Nest] 28192  - [39m06/01/2026 17:31:33 [32m    LOG[39m [38;5;3m[EmailService] [39mObject(4) {
  host: [32m'smtp.gmail.com'[39m,
  port: [32m'587'[39m,
  user: [32m'xaali.net0@gmail.com'[39m,
  passLength: [33m19[39m
}
[2026-01-06 17:31:33] DEBUG Creating transport: nodemailer (7.0.9; +https://nodemailer.com/; SMTP/7.0.9[client:7.0.9])
[32m[Nest] 28192  - [39m06/01/2026 17:31:33 [32m    LOG[39m [38;5;3m[EmailService] [39m[32mService Email configur├® avec:[39m
[32m[Nest] 28192  - [39m06/01/2026 17:31:33 [32m    LOG[39m [38;5;3m[EmailService] [39mObject(4) {
  host: [32m'smtp.gmail.com'[39m,
  port: [32m'587'[39m,
  user: [32m'xaali.net0@gmail.com'[39m,
  passLength: [33m19[39m
}
[32m[Nest] 28192  - [39m06/01/2026 17:31:33 [32m    LOG[39m [38;5;3m[InstanceLoader] [39m[32mTypeOrmModule dependencies initialized[39m[38;5;3m +2ms[39m
[32m[Nest] 28192  - [39m06/01/2026 17:31:33 [32m    LOG[39m [38;5;3m[InstanceLoader] [39m[32mJwtModule dependencies initialized[39m[38;5;3m +0ms[39m
[32m[Nest] 28192  - [39m06/01/2026 17:31:33 [32m    LOG[39m [38;5;3m[InstanceLoader] [39m[32mConfigHostModule dependencies initialized[39m[38;5;3m +0ms[39m
[32m[Nest] 28192  - [39m06/01/2026 17:31:33 [32m    LOG[39m [38;5;3m[InstanceLoader] [39m[32mBictorysModule dependencies initialized[39m[38;5;3m +0ms[39m
[32m[Nest] 28192  - [39m06/01/2026 17:31:33 [32m    LOG[39m [38;5;3m[InstanceLoader] [39m[32mConfigModule dependencies initialized[39m[38;5;3m +0ms[39m
[32m[Nest] 28192  - [39m06/01/2026 17:31:33 [32m    LOG[39m [38;5;3m[InstanceLoader] [39m[32mConfigModule dependencies initialized[39m[38;5;3m +0ms[39m
node.exe : (node:28192) 
[MONGODB DRIVER] 
Warning: 
useNewUrlParser is a 
deprecated option: 
useNewUrlParser has no 
effect since Node.js 
Driver version 4.0.0 
and will be removed in 
the next major version
Au caractère C:\nvm4w\no
dejs\npx.ps1:29 : 3
+   & $NODE_EXE 
$NPX_CLI_JS $args
+   ~~~~~~~~~~~~~~~~~~~~
~~~~~~~~~
    + CategoryInfo      
        : NotSpecified  
  : ((node:28192) [M.   
 ..t major version:S    
tring) [], RemoteEx    
ception
    + FullyQualifiedErr 
   orId : NativeComman  
  dError
 
(Use `node 
--trace-warnings ...` 
to show where the 
warning was created)
(node:28192) [MONGODB 
DRIVER] Warning: 
useUnifiedTopology is a 
deprecated option: 
useUnifiedTopology has 
no effect since Node.js 
Driver version 4.0.0 
and will be removed in 
the next major version
[32m[Nest] 28192  - [39m06/01/2026 17:31:36 [32m    LOG[39m [38;5;3m[InstanceLoader] [39m[32mTypeOrmCoreModule dependencies initialized[39m[38;5;3m +2228ms[39m
[32m[Nest] 28192  - [39m06/01/2026 17:31:36 [32m    LOG[39m [38;5;3m[InstanceLoader] [39m[32mTypeOrmModule dependencies initialized[39m[38;5;3m +0ms[39m
[32m[Nest] 28192  - [39m06/01/2026 17:31:36 [32m    LOG[39m [38;5;3m[InstanceLoader] [39m[32mTypeOrmModule dependencies initialized[39m[38;5;3m +0ms[39m
[32m[Nest] 28192  - [39m06/01/2026 17:31:36 [32m    LOG[39m [38;5;3m[InstanceLoader] [39m[32mTypeOrmModule dependencies initialized[39m[38;5;3m +0ms[39m
[32m[Nest] 28192  - [39m06/01/2026 17:31:36 [32m    LOG[39m [38;5;3m[InstanceLoader] [39m[32mTypeOrmModule dependencies initialized[39m[38;5;3m +1ms[39m
[32m[Nest] 28192  - [39m06/01/2026 17:31:36 [32m    LOG[39m [38;5;3m[InstanceLoader] [39m[32mTypeOrmModule dependencies initialized[39m[38;5;3m +0ms[39m
[32m[Nest] 28192  - [39m06/01/2026 17:31:36 [32m    LOG[39m [38;5;3m[InstanceLoader] [39m[32mTypeOrmModule dependencies initialized[39m[38;5;3m +0ms[39m
[32m[Nest] 28192  - [39m06/01/2026 17:31:36 [32m    LOG[39m [38;5;3m[InstanceLoader] [39m[32mTypeOrmModule dependencies initialized[39m[38;5;3m +0ms[39m
[32m[Nest] 28192  - [39m06/01/2026 17:31:36 [32m    LOG[39m [38;5;3m[InstanceLoader] [39m[32mTypeOrmModule dependencies initialized[39m[38;5;3m +0ms[39m
[32m[Nest] 28192  - [39m06/01/2026 17:31:36 [32m    LOG[39m [38;5;3m[InstanceLoader] [39m[32mTypeOrmModule dependencies initialized[39m[38;5;3m +0ms[39m
[32m[Nest] 28192  - [39m06/01/2026 17:31:36 [32m    LOG[39m [38;5;3m[InstanceLoader] [39m[32mTypeOrmModule dependencies initialized[39m[38;5;3m +0ms[39m
[32m[Nest] 28192  - [39m06/01/2026 17:31:36 [32m    LOG[39m [38;5;3m[InstanceLoader] [39m[32mTypeOrmModule dependencies initialized[39m[38;5;3m +0ms[39m
[32m[Nest] 28192  - [39m06/01/2026 17:31:36 [32m    LOG[39m [38;5;3m[InstanceLoader] [39m[32mTypeOrmModule dependencies initialized[39m[38;5;3m +0ms[39m
[32m[Nest] 28192  - [39m06/01/2026 17:31:36 [32m    LOG[39m [38;5;3m[InstanceLoader] [39m[32mTypeOrmModule dependencies initialized[39m[38;5;3m +0ms[39m
[32m[Nest] 28192  - [39m06/01/2026 17:31:36 [32m    LOG[39m [38;5;3m[InstanceLoader] [39m[32mTypeOrmModule dependencies initialized[39m[38;5;3m +0ms[39m
[32m[Nest] 28192  - [39m06/01/2026 17:31:36 [32m    LOG[39m [38;5;3m[InstanceLoader] [39m[32mTypeOrmModule dependencies initialized[39m[38;5;3m +0ms[39m
[32m[Nest] 28192  - [39m06/01/2026 17:31:36 [32m    LOG[39m [38;5;3m[InstanceLoader] [39m[32mTypeOrmModule dependencies initialized[39m[38;5;3m +0ms[39m
[32m[Nest] 28192  - [39m06/01/2026 17:31:36 [32m    LOG[39m [38;5;3m[CitizensService] [39m[32m­ƒÅø´©Å CitizensService initialis├® avec Fine-Tuning[39m
[32m[Nest] 28192  - [39m06/01/2026 17:31:36 [32m    LOG[39m [38;5;3m[InstanceLoader] [39m[32mNotificationModule dependencies initialized[39m[38;5;3m +1ms[39m
[32m[Nest] 28192  - [39m06/01/2026 17:31:36 [32m    LOG[39m [38;5;3m[PaymentService] [39m[32mProviders de paiement enregistr├®s: paytech, orange-money, wave[39m
[32m[Nest] 28192  - [39m06/01/2026 17:31:36 [32m    LOG[39m [38;5;3m[InstanceLoader] [39m[32mMessagesModule dependencies initialized[39m[38;5;3m +0ms[39m
[32m[Nest] 28192  - [39m06/01/2026 17:31:36 [32m    LOG[39m [38;5;3m[InstanceLoader] [39m[32mPayTechModule dependencies initialized[39m[38;5;3m +0ms[39m
[32m[Nest] 28192  - [39m06/01/2026 17:31:36 [32m    LOG[39m [38;5;3m[InstanceLoader] [39m[32mUsersModule dependencies initialized[39m[38;5;3m +1ms[39m
[32m[Nest] 28192  - [39m06/01/2026 17:31:36 [32m    LOG[39m [38;5;3m[InstanceLoader] [39m[32mLawyersModule dependencies initialized[39m[38;5;3m +0ms[39m
[32m[Nest] 28192  - [39m06/01/2026 17:31:36 [32m    LOG[39m [38;5;3m[InstanceLoader] [39m[32mConsultationsModule dependencies initialized[39m[38;5;3m +0ms[39m
[32m[Nest] 28192  - [39m06/01/2026 17:31:36 [32m    LOG[39m [38;5;3m[InstanceLoader] [39m[32mDossiersModule dependencies initialized[39m[38;5;3m +0ms[39m
[32m[Nest] 28192  - [39m06/01/2026 17:31:36 [32m    LOG[39m [38;5;3m[InstanceLoader] [39m[32mCitizensModule dependencies initialized[39m[38;5;3m +0ms[39m
[32m[Nest] 28192  - [39m06/01/2026 17:31:36 [32m    LOG[39m [38;5;3m[InstanceLoader] [39m[32mFeedbackModule dependencies initialized[39m[38;5;3m +0ms[39m
[32m[Nest] 28192  - [39m06/01/2026 17:31:36 [32m    LOG[39m [38;5;3m[InstanceLoader] [39m[32mPaymentsModule dependencies initialized[39m[38;5;3m +0ms[39m
[32m[Nest] 28192  - [39m06/01/2026 17:31:36 [32m    LOG[39m [38;5;3m[InstanceLoader] [39m[32mAuthModule dependencies initialized[39m[38;5;3m +0ms[39m
[32m[Nest] 28192  - [39m06/01/2026 17:31:36 [32m    LOG[39m [38;5;3m[InstanceLoader] [39m[32mNotificationsModule dependencies initialized[39m[38;5;3m +0ms[39m
[32m[Nest] 28192  - [39m06/01/2026 17:31:36 [32m    LOG[39m [38;5;3m[InstanceLoader] [39m[32mPaymentModule dependencies initialized[39m[38;5;3m +0ms[39m
[32m[Nest] 28192  - [39m06/01/2026 17:31:36 [32m    LOG[39m [38;5;3m[InstanceLoader] [39m[32mCasesModule dependencies initialized[39m[38;5;3m +1ms[39m
[32m[Nest] 28192  - [39m06/01/2026 17:31:36 [32m    LOG[39m [38;5;3m[InstanceLoader] [39m[32mLegalAssistantModule dependencies initialized[39m[38;5;3m +0ms[39m
[32m[Nest] 28192  - [39m06/01/2026 17:31:36 [32m    LOG[39m [38;5;3m[InstanceLoader] [39m[32mAppModule dependencies initialized[39m[38;5;3m +1ms[39m
1. ­ƒöì Finding a paid case...
C:\Users\Kissima Tandia\
OneDrive\Bureau\Docs\Aut
res\projet xaali\xaali-d
b\node_modules\mongodb\s
rc\operations\find.ts:11
0
      throw new MongoInv
alidArgumentError('Query
 filter must be a plain 
object or ObjectId');
            ^
MongoInvalidArgumentErro
r: Query filter must be 
a plain object or 
ObjectId
    at new 
FindOperation 
(C:\Users\Kissima Tandia
\OneDrive\Bureau\Docs\Au
tres\projet xaali\xaali-
db\node_modules\mongodb\
src\operations\find.ts:1
10:13)
    at 
FindCursor._initialize 
(C:\Users\Kissima Tandia
\OneDrive\Bureau\Docs\Au
tres\projet xaali\xaali-
db\node_modules\mongodb\
src\cursor\find_cursor.t
s:90:27)
    at 
FindCursor.cursorInit 
(C:\Users\Kissima Tandia
\OneDrive\Bureau\Docs\Au
tres\projet xaali\xaali-
db\node_modules\mongodb\
src\cursor\abstract_curs
or.ts:949:32)
    at 
FindCursor.fetchBatch 
(C:\Users\Kissima Tandia
\OneDrive\Bureau\Docs\Au
tres\projet xaali\xaali-
db\node_modules\mongodb\
src\cursor\abstract_curs
or.ts:987:18)
    at FindCursor.next 
[as __next_func] 
(C:\Users\Kissima Tandia
\OneDrive\Bureau\Docs\Au
tres\projet xaali\xaali-
db\node_modules\mongodb\
src\cursor\abstract_curs
or.ts:608:20)
    at 
FindCursor.cursor.next 
(C:\Users\Kissima Tandia
\OneDrive\Bureau\Docs\Au
tres\projet xaali\xaali-
db\node_modules\src\enti
ty-manager\MongoEntityMa
nager.ts:1046:65)
    at FindCursor.[Symbo
l.asyncIterator] 
(C:\Users\Kissima Tandia
\OneDrive\Bureau\Docs\Au
tres\projet xaali\xaali-
db\node_modules\mongodb\
src\cursor\abstract_curs
or.ts:502:37)
    at 
AsyncGenerator.next 
(<anonymous>)
    at 
FindCursor.toArray [as 
__to_array_func] 
(C:\Users\Kissima Tandia
\OneDrive\Bureau\Docs\Au
tres\projet xaali\xaali-
db\node_modules\mongodb\
src\cursor\abstract_curs
or.ts:696:22)
    at FindCursor.cursor
.toArray 
(C:\Users\Kissima Tandia
\OneDrive\Bureau\Docs\Au
tres\projet xaali\xaali-
db\node_modules\src\enti
ty-manager\MongoEntityMa
nager.ts:1031:69) {
  errorLabelSet: Set(0) 
{}
}
